// Jest Snapshot v1, https://goo.gl/fbAQLP

exports[`renders the component 1`] = `
<styled.div>
  <styled.input
    onBlur={[Function]}
    onChange={[Function]}
    onFocus={[Function]}
    placeholder="Search movie titles"
    value=""
  />
  <styled.p
    onClick={[Function]}
  />
</styled.div>
`;
