// Jest Snapshot v1, https://goo.gl/fbAQLP

exports[`renders the component 1`] = `
<styled.div
  className="spinner "
  height={50}
  style={
    Object {
      "height": 50,
      "width": 50,
    }
  }
  width={50}
>
  <div
    className="overlay "
    style={
      Object {
        "height": 50,
        "width": 50,
      }
    }
  />
  <div
    className="spinner"
    style={
      Object {
        "height": 50,
        "width": 50,
      }
    }
  />
</styled.div>
`;
